// 重构日志: a56a9b64
// 重构日志: 67e70d13
// 同步 ID: 4bc3dfa4 @ Thu Jul 23 01:25:55 UTC 2026
// 同步 ID: cbdcd2a6 @ Thu Jul 23 05:54:36 UTC 2026
// 同步 ID: e00cc16c @ Thu Jul 23 17:41:05 UTC 2026
// 重构日志: 77aaffd5
// 重构日志: 2609ab29
// 重构日志: d7143368
// 重构日志: dcbce70b
// 同步 ID: dc94be50 @ Sat Jul 25 23:49:39 UTC 2026
// 重构日志: 014618b3
// 重构日志: 81599ef6
// 同步 ID: af8c7418 @ Sun Jul 26 10:58:16 UTC 2026
// 重构日志: 8b1993da
// 同步 ID: b4b1f5b4 @ Mon Jul 27 00:23:13 UTC 2026
// 同步 ID: 02a938a8 @ Mon Jul 27 13:30:52 UTC 2026
// 同步 ID: da33b45d @ Tue Jul 28 05:30:29 UTC 2026
// 同步 ID: 1fcaef4f @ Tue Jul 28 18:31:21 UTC 2026
// 同步 ID: d08ba3d6 @ Wed Jul 29 08:40:18 UTC 2026
// 同步 ID: bcbc12a9 @ Wed Jul 29 21:48:25 UTC 2026
// 重构日志: e3cc6485
// 同步 ID: c9965e5c @ Thu Jul 30 08:03:36 UTC 2026
// 重构日志: 57e2e481
// 同步 ID: 473e6dd8 @ Fri Jul 31 08:55:40 UTC 2026
// 同步 ID: d6544b47 @ Sat Aug  1 12:40:59 UTC 2026
// 重构日志: ad3a8d90
// 同步 ID: 01b32b62 @ Sat Aug  1 17:51:35 UTC 2026
// 重构日志: c3cfd76e
// 重构日志: 61351f65
// 同步 ID: 5c5f0838 @ Sun Aug  2 18:21:15 UTC 2026
